
> vite_react_shadcn_ts@0.0.0 build
> vite build

[36mvite v5.4.19 [32mbuilding for production...[36m[39m
transforming...
node.exe : 
Browserslist: browsers 
data (caniuse-lite) is 
8 months old. Please 
run:
At C:\Program Files\nod
ejs\npm.ps1:29 char:3
+   & $NODE_EXE 
$NPM_CLI_JS $args
+   ~~~~~~~~~~~~~~~~~~~
~~~~~~~~~~
    + CategoryInfo     
         : NotSpecifi  
  ed: (Browserslist:   
  b...ld. Please ru    
n::String) [], Rem    
oteException
    + FullyQualifiedEr 
   rorId : NativeComm  
  andError
 
  npx update-browsersli
st-db@latest
  Why you should do it 
regularly: https://gith
ub.com/browserslist/upd
ate-db#readme
[32mΓ£ô[39m 36 modules transformed.
[31mx[39m Build 
failed in 1.55s
[31merror during 
build:
[31m[vite:css] 
[postcss] N:/koko-mart-
admin/kokomart-admin-hu
b/src/index.css:194:5: 
The `drop-shadow-[0_0_8
px_rgba(34,` class 
does not exist. If `dro
p-shadow-[0_0_8px_rgba(
34,` is a custom 
class, make sure it is 
defined within a 
`@layer` 
directive.[31m
file: [36mN:/koko-mart
-admin/kokomart-admin-h
ub/src/index.css:194:4
[31m
    at Input.error (N:\
koko-mart-admin\kokomar
t-admin-hub\node_module
s\postcss\lib\input.js:
135:16)
    at AtRule.error (N:
\koko-mart-admin\kokoma
rt-admin-hub\node_modul
es\postcss\lib\node.js:
146:32)
    at processApply (N:
\koko-mart-admin\kokoma
rt-admin-hub\node_modul
es\tailwindcss\lib\lib\
expandApplyAtRules.js:3
80:29)
    at N:\koko-mart-adm
in\kokomart-admin-hub\n
ode_modules\tailwindcss
\lib\lib\expandApplyAtR
ules.js:551:9
    at N:\koko-mart-adm
in\kokomart-admin-hub\n
ode_modules\tailwindcss
\lib\processTailwindFea
tures.js:55:50
    at async plugins (N
:\koko-mart-admin\kokom
art-admin-hub\node_modu
les\tailwindcss\lib\plu
gin.js:38:17)
    at async 
LazyResult.runAsync (N:
\koko-mart-admin\kokoma
rt-admin-hub\node_modul
es\postcss\lib\lazy-res
ult.js:293:11)
    at async 
compileCSS (file:///N:/
koko-mart-admin/kokomar
t-admin-hub/node_module
s/vite/dist/node/chunks
/dep-C6uTJdX2.js:36898:
21)
    at async 
Object.transform (file:
///N:/koko-mart-admin/k
okomart-admin-hub/node_
modules/vite/dist/node/
chunks/dep-C6uTJdX2.js:
36171:11)
    at async transform 
(file:///N:/koko-mart-a
dmin/kokomart-admin-hub
/node_modules/rollup/di
st/es/shared/node-entry
.js:19581:16)[39m
